[frontier] rebuilding panel + features (cached signals)...
/home/user/New-ENGINE/engine/backtest/engine.py:44: RuntimeWarning: Mean of empty slice
  self.mkt_cc = np.nanmean(self.cc, axis=1)
[frontier] walk-forward scores...
[frontier] 9/40
[frontier] 18/40
[frontier] 27/40
[frontier] 36/40
variant  top_k  hold  conviction_q  rt_bps   net_bps   sharpe     nw_t  traded_days
    all      1     1          0.95    15.0 20.052321 1.536274 3.416456         1304
    all      1     1          0.80    15.0 19.853677 1.517692 3.374256         1304
    all      3     1          0.95    15.0 18.102096 2.437045 5.400747         1304
    all      3     1          0.80    15.0 18.049245 2.388776 5.401338         1304
    all      1     1          0.00    15.0 17.621092 1.353084 3.104660         1304
    all      5     1          0.80    15.0 17.607570 2.936873 6.713500         1304
    all      5     1          0.00    15.0 17.562912 2.858525 6.492744         1304
    all      3     1          0.00    15.0 17.370633 2.290449 5.146840         1304
    all      5     1          0.95    15.0 17.337700 2.954636 6.580498         1304
    all      3     2          0.80     2.0 16.120155 2.697440 6.272949         1304
    all     10     1          0.00    15.0 15.039139 3.285362 7.244826         1304
    all     10     1          0.80    15.0 14.596688 3.214850 6.976202         1304

[frontier] BEST HONEST CONFIG: 20.1 bp/day net (target 100) -- gap to target: 5x
