[05:39:42] calibrating simulator on real S&P 500 (arch package)...
[calibration] real S&P 500 1999-01-04..2018-12-31 n=5030
                      mu = 0.000645905
                   omega = 8.64065e-07
                   alpha = 0.0994918
                    beta = 0.900158
                   t_dof = 6.50936
     overnight_var_share = 0.0188815
                 gap_std = 0.00160767
     volume_abs_ret_beta = 2.59726
         range_var_ratio = 0.693402
[05:39:43] simulating 500 stocks x 6.25 years...
/home/user/New-ENGINE/engine/backtest/engine.py:44: RuntimeWarning: Mean of empty slice
  self.mkt_cc = np.nanmean(self.cc, axis=1)
[05:39:45] panel: 787,500 rows, 500 tickers, 1575 days
[05:39:59] detector           lmw:  11,432 signals ( 14.8s)
[05:40:01] detector       candles: 131,902 signals (  1.6s)
[05:40:03] detector        levels: 658,522 signals (  2.1s)
[05:40:04] detector       anchors: 269,624 signals (  0.6s)
[05:40:05] detector     breakouts: 310,997 signals (  1.5s)
[05:40:07] detector          gaps: 448,002 signals (  1.3s)
[05:40:07] detector        volume: 114,394 signals (  0.9s)
[05:40:09] detector         trend: 702,448 signals (  1.3s)
[05:40:09] detector  fundamentals:  17,143 signals (  0.6s)
[05:40:11] detector         novel: 259,300 signals (  1.5s)
  [ml] rendering train images (240 days x 500 tickers)...
  [ml] train set: 120000 images, base rate 0.505
/home/user/New-ENGINE/engine/patterns/ml_cnn.py:110: UserWarning: Converting a tensor with requires_grad=True to a scalar may lead to unexpected behavior.
Consider using tensor.detach() first. (Triggered internally at /__w/pytorch/pytorch/torch/csrc/autograd/generated/python_variable_methods.cpp:822.)
  tot += float(loss) * len(idx)
    [cnn] epoch 1/4 loss=0.6932
    [cnn] epoch 2/4 loss=0.6913
    [cnn] epoch 3/4 loss=0.6899
    [cnn] epoch 4/4 loss=0.6877
  [ml] predicting 189 out-of-sample grid days...
[05:45:19] detector            ml:  18,900 signals (307.8s)
[05:45:19] signals total 2,942,664; in 5y test window 2,550,593 (window starts 2021-07-17)
[05:45:46] event-study stats written (109 signals)
[05:45:49] running news x charts interaction study...
[05:45:58] building fusion features + walk-forward meta-model...
/home/user/New-ENGINE/engine/fusion/meta.py:122: RuntimeWarning: Mean of empty slice
  r_g = (np.nanmean(rl) - np.nanmean(rs)) / 2.0   # 100% gross exposure
/home/user/New-ENGINE/engine/fusion/meta.py:142: RuntimeWarning: Mean of empty slice
  r_g = (np.nanmean(y_ser.loc[(d, g.index[-n_side:])].values)
/home/user/New-ENGINE/engine/fusion/meta.py:143: RuntimeWarning: Mean of empty slice
  - np.nanmean(y_ser.loc[(d, g.index[:n_side])].values)) / 2.0
[05:46:42] FUSED NET avg daily: 15.0 bp (target 100 bp)
[05:46:43] rendering visual deliverables...
  [viz] wrote results/equity_curve.png
  [viz] wrote results/drawdown.png
  [viz] wrote results/bootstrap_hist.png
  [viz] wrote results/attribution.png
  [viz] wrote results/interaction_heatmap.png
  [viz] wrote results/sample_trades/00_gaps_gap_up_huge_news_hotvol_S139_2026-02-04.png
  [viz] wrote results/sample_trades/01_gaps_gap_up_huge_news_S146_2026-03-23.png
  [viz] wrote results/sample_trades/02_lmw_bull_flag_S192_2022-06-27.png
  [viz] wrote results/sample_trades/03_lmw_bull_flag_S276_2026-06-19.png
  [viz] wrote results/sample_trades/04_breakouts_orb_30min_up_S478_2021-07-19.png
  [viz] wrote results/sample_trades/05_breakouts_orb_30min_up_S347_2021-07-19.png
  [viz] wrote results/sample_trades/06_anchors_far_52wk_high_S091_2022-01-20.png
  [viz] wrote results/sample_trades/07_anchors_far_52wk_high_S405_2024-12-06.png
[05:46:46] summary.json written; target_hit=False
